# permanent wall
F:X:61:0

# granite
F:#:57:0

# Mountain Chain
F:^:97:0

# up staircase
F:<:6:0

# Dirt
F:.:88:0

# Lesser Balrog
F:b:88:0:996

# Greater Balrog
F:B:88:0:807

# Pit Fiend
F:P:88:0:812

# Dungeon layout
D:XXXXXXXXXXXXXXXXXXXXXXXXXXXXXXXXX
D:X^..^^^^^^^^^^^^^^^^^^^^^^^^^^^^X
D:X^..^^^^^^^^^..^^^^^^^^^^^^^^^^^X
D:X^...^^^^^^.........^^^^^^^^^^^^X
D:X^^..^^^^^..^^^^..^B^^^^^^^^^^^^X
D:X^...^^^^...^^^^^..^^^^^^^^^^^^^X
D:X^^..^^^..^^.^^^^^^^^^^^^^^^^^^^X
D:X^..^^^^^.....^^^^^.^^^^^^^^^^^^X
D:X^^..^^^^..^^.^^^.^......^^^^^^^X
D:X^..^^^^..^^...^^...^..^.^^^^^^^X
D:X^^..^^^..^^^..^...^^^....^^^^^^X
D:X^^^...^.^^^.....^^^^P...<^^^^^^X
D:X^^^.....^^^^..^^^^^^^^..^^^^^^^X
D:X^^^^^^.^^^^..^^^^^^^^^^^^^^^^^^X
D:X^^^^^^^^^^^...^^^^^^^^^^^^^^^^^X
D:X^^^^^.^^^^.^..^^^^^^^^^^^^^^^^^X
D:X^^^^...^^...^^^...^^^^^^...^^^^X
D:X^^^^.^....^^^^.^.....^..^..^^^^X
D:X^^^^..^^^^^.....^...^..^^^B^^^^X
D:X^^^P........^.....^^^^^^^^^^^^^X
D:X^^^^^^...^^^^^^^^^^^^^^^^^^^^^^X
D:X^^^^^^^^^^^^^^^^^^^^^^^^^^^^^^^X
D:XXXXXXXXXXXXXXXXXXXXXXXXXXXXXXXXX

# Starting position
P:3:4

