# Permanent wall
F:X:63:3

# Granite Wall
F:#:57:3

# Cobblestone Road
F:O:200:3

# Floor
F:.:1:3

# Lich
F:l:200:3:518

# Master lich
F:L:200:3:658

# Quest exit
F:<:6:3

D:XXXXXXXXXXXXXXXXXXXXXXXXXXXXXXXXXXXXXXXXXXXXXXXXXXXXXXXXXXXXXXXXX
D:X###############################################################X
D:X#<OlOOOOOOOOOOOOOOOOOOOOOOOOOOOOOOOOOOOOOOOOOOOOOOOOOOOOOOOOOO#X
D:X#O#.###.#.###.#.###.#.###.#.###.O.###.#.###.#.###.#.###.#.###O#X
D:X#O#.###.#.###.#.###.#.###.#.###.O.###.#.###.#.###.#.###.#.###O#X
D:X#O#.###.#.###.#.###.#.###.#.###.O.###.#.###.#.###.#.###.#.###O#X
D:X#O#.###.#.###.#.###.#.###.#.###.O.###.#.###.#.###.#.###.#.###O#X
D:X#O#.###.#.###.#.###.#.###.#.###.O.###.#.###.#.###.#.###.#.###O#X
D:X#O#.###.#.###.#.###.#.###.#.###.O.###.#.###.#.###.#.###.#.###O#X
D:X#O#.###.#.###.#.###.#.###.#.###.O.###.#.###.#.###.#.###.#.###O#X
D:X#O#.###.#.###.#.###.#.###.#.###.O.###.#.###.#.###.#.###.#.###O#X
D:X#O#.###.#.###.#.###.#.###.#.###.O.###.#.###.#.###.#.###.#.###O#X
D:X#O#.###.#.###.#.###.#.###.#.###.O.###.#.###.#.###.#.###.#.###O#X
D:X#OOOOOOOOOOOOOOOOOOOOOOOOOOOOOOOOOOOOOOOOOOOOOOOOOOOOOOOOOOOOO#X
D:X#O#.###.#.###.#.###.#.###.#.###.O.###.#.###.#.###.#.###.#.###O#X
D:X#O#.###.#.###.#.###.#.###.#.###.O.###.#.###.#.###.#.###.#.###O#X
D:X#O#.###.#.###.#.###.#.###.#.###.O.###.#.###.#.###.#.###.#.###O#X
D:X#O#.###.#.###.#.###.#.###.#.###.O.###.#.###.#.###.#.###.#.###O#X
D:X#O#.###.#.###.#.###.#.###.#.###.O.###.#.###.#.###.#.###.#.###O#X
D:X#O#.###.#.###.#.###.#.###.#.###.O.###.#.###.#.###.#.###.#.###O#X
D:X#O#.###.#.###.#.###.#.###.#.###.O.###.#.###.#.###.#.###.#.###O#X
D:X#O#.###.#.###.#.###.#.###.#.###.O.###.#.###.#.###.#.###.#.###O#X
D:X#O#.###.#.###.#.###.#.###.#.###.O.###.#.###.#.###.#.###.#.###O#X
D:X#O#.###.#.###.#.###.#.###.#.###.O.###.#.###.#.###.#.###.#.###O#X
D:X#OOOOOOOOOOOOOOOOOOOOOOOOOOOOOOOOOOOOOOOOOOOOOOOOOOOOOOOOOOOOO#X
D:X#O#.###.#.###.#.###.#.###.#.###.O.###.#.###.#.###.#.###.#.###O#X
D:X#O#.###.#.###.#.###.#.###.#.###.O.###.#.###.#.###.#.###.#.###O#X
D:X#O#.###.#.###.#.###.#.###.#.###.O.###.#.###.#.###.#.###.#.###O#X
D:X#O#.###.#.###.#.###.#.###.#.###.O.###.#.###.#.###.#.###.#.###O#X
D:X#O#.###.#.###.#.###.#.###.#.###.O.###.#.###.#.###.#.###.#.###O#X
D:X#O#.###.#.###.#.###.#.###.#.###.O.###.#.###.#.###.#.###.#.###O#X
D:X#O#.###.#.###.#.###.#.###.#.###.O.###.#.###.#.###.#.###.#.###O#X
D:X#O#.###.#.###.#.###.#.###.#.###.O.###.#.###.#.###.#.###.#.###O#X
D:X#O#.###.#.###.#.###.#.###.#.###.O.###.#.###.#.###.#.###.#.###O#X
D:X#O#.###.#.###.#.###.#.###.#.###.O.###.#.###.#.###.#.###.#.###O#X
D:X#OOOOOOOOOOOOOOOOOOOOOOOOOOOOOOOOOOOOOOOOOOOOOOOOOOOOOOOOOOOOL#X
D:X###############################################################X
D:XXXXXXXXXXXXXXXXXXXXXXXXXXXXXXXXXXXXXXXXXXXXXXXXXXXXXXXXXXXXXXXXX

# Starting position
P:4:4
