# Created by Mynstral (mynstral@thehelm.com)
# Made for PernAngband on 26/07/2001

# Monsters starts awake
N:0

# Permanent wall
F:X:63:3

# Marker
F:<:172:3

# up stairs with maeglin
F:{:6:3:825:0:0:0:0:0:0:2

# Floor with dirt
F:.:88:5

# Floor with dirt with an Ettin
F:e:88:5:621

# Floor with dirt with a War Troll
F:w:88:5:631

# Floor with dirt with a Troll Chieftan
F:t:88:5:799

# Floor with dirt with a Snagga sapper
F:s:88:5:251

# Floor with dirt with an Orc Captain
F:o:88:5:285

# Floor with dirt with an Elite Uruk
F:u:88:5:866

# Floor with dirt with an Ancient blue dragon
F:L:88:5:601

# Floor with dirt with an Ancient bronze dragon
F:Z:88:5:602

# Floor with dirt with an Ancient white dragon
F:W:88:5:617

# Floor with dirt with an Ancient green dragon
F:G:88:5:618

# Floor with dirt with an Ancient black dragon
F:B:88:5:624

# Floor with dirt with an Ancient red dragon
F:R:88:5:644

# Floor with dirt with an Ancient gold dragon
F:O:88:5:645

# Floor with dirt with a Lesser Balrog
F:U:88:5:996:0:0:0:0:0:0:2

# Granite wall
F:#:56:5

D:XXXXXXXXXXXXXXXXXXXXXXXXXXXXXXXXXXXXXXXXXXXXXXX
D:X##..#########...#........###..R.....###.e...{X
D:X#.wt.######..O....#s..#..##w.#..###.....#.t..X
D:X#wBLe.####.U.###....##.U.#...##..u####.#####.X
D:X#eRe.####..#..######.B...w...#.U#uuu##.#U...eX
D:X##...#...G###s...##....##..####..##uu#B..##..X
D:X####...e...#####.t...####...####.###u#####.w#X
D:X###....##.w.######.e.#..##...###..##uu#e...##X
D:X##..W#####...###.....#...##.e####.L##...#####X
D:X##...######e.##Z..w.###.......####.###t.#####X
D:X....########s....#s...##R..#.U.##..####..####X
D:Xs..####....##.tU####...#####t...#.######..###X
D:X#...##..##..#..######.t..e..##.w...#####w.###X
D:X##.....####s..######.e.#.#t...#.#U.####..####X
D:X#...####uu##.t..#####...e####s#........w.####X
D:X...####uou...##...#####.....###..#####...####X
D:X..#####uu##...###s.##........##..#####..#####X
D:X.o.#######...e.###.....o.###s.##..###s...#..#X
D:X#s..o#......#s.......u...####..#s.##...o.G...X
D:Xsss##o....u###....u..o.o.#####........###.OZ.X
D:X<ss...###############...##################U.#X
D:XXXXXXXXXXXXXXXXXXXXXXXXXXXXXXXXXXXXXXXXXXXXXXX
