# Special Level "The Dimensional Gates" in the Pits of Angband
#
# Created for PernAngband 5.0.1 on 18/8/01
# Written by Mynstral (mynstral@thehelm.com)

%:special.txt

### Gauranteed monsters

# Quylthulg on normal floor
F:a:1:0:342

# Demonic Quylthulg on normal floor
F:b:1:0:727

# Draconic Quylthulg on normal floor
F:c:1:0:759

# Rotting Quylthulg on normal floor
F:d:1:0:633

# Greater Draconic Quylthulg on normal floor
F:e:1:0:801

# Greater Rotting Quylthulg on normal floor
F:f:1:0:802

# Great Hell Wyrm on normal floor
F:g:1:0:756

# Master Quythulg on normal floor
F:h:1:0:821

### Random monsters and/or items

# Random monster (upto 5 levels ood) on normal floor
F:&:1:0:*90

# Random monster (upto 11 levels ood) on normal floor
F:@:1:0:*96

# Random monster (upto 9 levels ood) and
# Random object (upto 7 levels ood) on normal floor
F:8:1:0:*94:*92

# Random monster (upto 40 levels ood) and
# Random object (upto 20 levels ood
F:9:1:0:*125:*105

### Guaranteed items

# The Ring of Power 'Narya' on normal floor
F:1:1:0:0:0:0:10


### Level design
D:XXXXXXXXXXXXXXXXXXXXXXXXXXXXXXXXXXXXXXXXXXXXXXXXXXXXXXXXXXXXXXXXXXXXXX
D:X*****...@%...aX.X9@********%%%%%%X9.VV....Xd.............A^^.......dX
D:X*****...@%...aX.X@@********%%%%%%X.VVVV.X.XX.............B^^........X
D:X*****...@%...aX.X99*XXX****%%88%%XVVWWVVX..XX.............^^.......9X
D:X*****...@%...aX.X@@XXdXX***%%88%%XVVWWVVX...XX............^^.......CX
D:X*****...@%...aX.X@XX...XX**%%%%%%X.VVVV.X.X..XX..........5^^........X
D:X........@%...aX.XXX.....XX*%%%%%%X9.VV..X.XX..XX.........F^^.......dX
D:X%X......@%...aX.X........XIXXXXXXXXXXX..X..XX..XXXXIXXXXXXXXXXXXXXXXX
D:X.XXX....@%...aX.X..........XXX..>X...X..X...XX..XXXaXaXaXaXaXaXaXaXaX
D:X...XXX..@%...aI.X..........XXX7..X...D..X.X..XX..XX.................X
D:X.....XXX@%...aX.X..........XXXXXXXXXXX..X.XX..XX..XX................X
D:X.......XXX...aX.X..........XXXXXXXaG....X..XX..XX..XX...............X
D:X..X......XXX.XX%XX^^^^^X...XXXXXXXaG....X...XX..XX..XX..............X
D:X^^XX.......XXX***X^^^^^X...XIIII7XXXXXXXXXX..XX..XX..XXXXXXXXXXXX+X8X
D:X^^XX.........X.6.X^^^^^X...XIXXXXX&&&&&&&&XX..XX..XX...........cX.XXX
D:X..XXX........X***X^^^^^X...XIXXXXX.........XX..XX..XXXXXXXXXXXXXX..XX
D:X^^X8X........XXXXX^^^^^X...XIIIIIXVVV.......XX..XX.............bXX..X
D:X..X8XX................XX...XXXXXIXVVVV.......XX..XXXXXXXXXXXXXXXXXX+X
D:X^^X88X................XX...XIIIIIXVVVVVV..@...XX.^^^^^^^^^^^^^a.....X
D:X^^X99XX...............XX...XIXXXXX4..VVVV......XXXXXXXXXXXXXXXXXXXXXX
D:X..X999X...............XX...XIXXXXXXXXX.VVVV....***********.........bX
D:X^^XIIIXX..............XX...XIX...5..fX...VVVVV.@....................X
D:X..X....X........d.....XX...XIXf......X...VVVVVVV...............@....X
D:X^^X....XX............XXX...XIXXXXXXXXX.......VVVVVVV................X
D:X^^X&&&&&X............XXX...XIIIIIXe...........VVVVVVVVVVVV..........X
D:X..X%%%.%XX..........XXX....XXXXXIX.............@VVVVVVVVVVVV@.......X
D:X^^X88%.%8X.........XXX.....XXXXXIX...................VVVVVVVVVV.....X
D:X..X%%%.%%XX........XX......XXXXXIX@.....................VVVVVVVVVVVVX
D:X^^X......cX......XXXX......XXXXXIX........@..........@....VVVVVVVVVVX
D:X^^^......cXX888XXXXX......dIIIIIIX.........................b.VVV...6X
D:XXXXXXXXXXXXXXXXXXXXXXXXXXXXXXXXXXXXXXXXXXXXXXXXXXXXXXXXXXXXXXXXXXXXXX
D:XXXXXXXXXXXXXXXXXXXXXXXXXXXXXXXXXXXXXXXXXXXXXXXXXXXXXXXXXXXXXXXXXXXXXX
D:XXXXXXXXXXXXXXXXXXXXXXXXXXXXXXXXXXXXXXXXXXXXXXXXXXXXXXXXXXXXXXXXXXXXXX
D:XXXXXXXXXXXXXXXXXXXXXXXXXXXXXXXXXXXXXXXXXXXXXXXXXXXXXXXXXXXXXXXXXXXXXX
D:XXXXXXXXXXXXXXXXXXXXXXXXXXXXXXXXXXXXgLLLLLgXXXXXXXXXXXXXXXXXXXXXXXXXXX
D:XXXXXXXXXXXXXXXXXXXXXXXXXXXXXXXXXXLLLLXXLLLLLLXXXXXXXXXXXXXXXXXXXXXXXX
D:XXXXXXXXXXXXXXXXXXXXXXXXXXXXXXgLLLLLXXXXXgLLLLLLLXXgXXXXXXXXXXXXXXXXXX
D:XXXXXXXXXXXXXXXXXXXXXXXXXXXXLLLLgXXXXXXXXXXXXXXLLLLLLLXXXXXXXXXXXXXXXX
D:XXXXXXXXXXXXXXXXXXXXXXXXXXXXLLXXXXXXXXXXXXXXXXXXgXXXLLLgXXXXXXXXXXXXXX
D:XXXXXXXXXXXXXXXXXXXXXXXXXXXXLgXXXXXXXXXXXXXXXXXXXXXXXXLLLLXXXXXXXXXXXX
D:XXXXXXXXXXXXXXXXXXXfXXXXXXXXLXXXXXXXXXXXXXXXXXXXXXXXXXgLLLLXXXXXXXXXXX
D:XXXXXXXXXXXXXXXXXXX.XXXXXXXghgXXXXbXXXXXXXXaXXXXXXXXXXXXXXLLLLgXXXXXXX
D:XXXXXXXXXXXXXXXXXXX.XXXXXXXg1gXXXX.XXXXXXXX.XXXXXXXXXXXXXXXXgLLXXXXXXX
D:XXXXXXXXXXXXXXXXXXX^XXXXXXXXXXXXXX^XXXXXXXX^XXXXXXXXXXXXXXXXXXLXXXXXXX
D:XXXXXXXXXXXXXXX4..^^^..^^^.......^^^......^^^.........EXXXXXXXLXXXXXXX
D:XXXXXXXXXXXXXXXXXXXXXXXX^XXXXXXXXX^XXXXXXXX^XXXXXXXXXXXXXXXXXLLXXXXXXX
D:XXXXXXXXXXXXXXXXXXXXXXXX.XXXXXXXXX.XXXXXXXX.XXXXXXXXXXXXXXXXLLLXXXXXXX
D:XXXXXXXXXXXXXXXXXXXXXXXX.XXXXXXXXXcXXXXXXXXaXXXXXXXXXXXXXXXLLXXXXXXXXX
D:XXXXXXXXXXXXXXXXXXXXXXXXeXXXXXXXXXXXXXXXXXXXXXXXXXXXXXXXgLLLXXXXXXXXXX
D:XXXXXXXXXXXXXXXXXXXXXXXXXXXXXXXXXXXXXXXXXXXXXXXXXXXXXXXXLLLXXXXXXXXXXX
D:XXXXXXXXXXXXXXXXXXXXXXXXXXXXXXXXXXXXXXXXXXXXXXXXXXXXXXXLLXgXXXXXXXXXXX
D:XXXXXXXXXXXXXXXXXXXXXXXXXXXXXXXXXXXXXXXXXXXXXXXXXXXXXXLLXXXXXXXXXXXXXX
D:XXXXXXXXXXXXXXXXXXXXXXXXXXXXXXXXXXXXXXXXXXXXXXXXXXXXXLLXXXXXXXXXXXXXXX
D:X...dXXXXXXXXXXe..0XXXXXXXXXXXXXXXD..EXXXXXXXXXXXXXXLLXXXXXXXXXXXcc..X
D:X...dXXXXXXXXXX....XXXXXXXXXXXXXXX....XXXXXXXXXXXXXX.XXXXXXXXXXXX....X
D:XA...XXXXXXXXXXF..eXXXXXXXXXXXXXXXC...XXXXXXXXXXXXXX0XXXXXXXXXXXX...BX
D:XXXXXXXXXXXXXXXXXXXXXXXXXXXXXXXXXXXXXXXXXXXXXXXXXXXXXXXXXXXXXXXXXXXXXX


# Starting location
P:11:37
