# Special level "Orthanc" in Isengard
# Created by Burb Lulls; reworked for Theme by furiosity <furiosity@gmail.com>

%:special.txt

### Terrain

# Fire
F:$:205:0

# Copper Pillar
F:!:244:0

# Dead Tree
F:;:92:0

# Tainted Water
F:~:174:0

# Orthanc's Door
F:[:248:0

# Ash
F:,:93:0

### Random Monsters (all lvl80)

# Random monster on ash
F:a:93:0:*40

# Random monster on normal floor
F:b:1:0:*40

### Guaranteed Monsters

# Ent on ash
F:&:93:0:708

# Infernal Device on normal floor
F:2:1:0:1079

# Guardian - Saruman on normal floor
F:@:1:0:771

### Guaranteed Item

# The Palantir Of Orthanc on normal floor
F:1:1:0:0:0:0:202

### Dungeon Design
D:XXXXXXXXXXXXXXXXXXXXXXXXXXXXXXXXXXXXXXXXXXXXXXXXXXXXXXXXXXXXXXXXXXXXXXXXXXXXXXXXXXXXXXXXXXXXXXXXXXXXXXXXXXXXXXXXXXXXXXXXXXXXXXX
D:X;;;;;;;;;;;;;;;;;;;;;;;,,,,,,,,,,a,4,a,,,,,,,,,,,,,,,;;;;;;;;;;;;;;;;;;;;;;;;;;;;;;;a;&,a,,,,,~~~~~~~~~~~~~~~~~~~~~,,,,,,,,,,X
D:X;;;;;;;;;;;;;;;;;,,,,,,,,,,,,,,,,,a,a,,,,,,,,,,,,,,,,,,,,,,,,;;;;;;;;;;;;;;;;;;;;;,,,a,a,,,,~~~~~~~~~~~~~~~~~~~~~~,,,,,,,,,,,X
D:X;;;;;;;;;;;;;;;,,,,,,,,XXXXXXXXXXXXXXXXXXXXXXXXXX,,,,,,,,,,,,,,,,,;;;;;;;;;;;;;,,,,,,,,,,,,~~~~~~~~~~~~~~~~~~~~~~,,,,,,,,,,,,X
D:X;;;;;;;;;;;;;,,,,,,XXXXX2^b^.^.^b^.^.^b^.^.^b^.2XXXXX,,,,,,,,,,,,,,,,,,;;;,,,,,,,,,,,,,,,~~~~~~~~~~~~~~~~~~~~~~~,,,,,,,,,,,,,X
D:X;;;;;;;;;;,,,,,,XXXX2.^.^.^.XX^.^.^.^.^.^.XX^.^.^.^2XXXX,,,,,,,,,,,,,,,,,,,,,,,,,,,,,,,~~~~~~~~~~~~~~~~~~~~~~~~,,,,,,,,,,,,,,X
D:X;;;;;;;a,a,,,,XXX2.^.^.^b^.^XX.^.^.^b^.^.^XX.^.^b^.^.^2XXX,,,,,,,,,,,,,a,a,,,,,,,,,,,~~~~~~~~~~~~~~~~~~~~~~~~~,,,,,,,,,,,,,,,X
D:X;;;;;;a,7,a,XXX2^.^.^.^.^.^.^.^.^.^.^.^.^.^.^.^.^.^.^.^.2XXX~~~~~,,,,,a,&,a,,,,,,,,,~~~~~~~~~~~~~~~~~~~~~~~,,,,,,,,,,,,,,,,,,X
D:X;;;;;;,a,aXXX2.^.^XXXXXXXXXXXXXXXXXXDDDXXXXXXXXXXXXXXXGGGGGXXX~~~~,,,,,a,a,,,,,,,,,~~~~~~~~~~~~~~~~~~~~~~~,,,,,,,,,,,,,,,,,,,X
D:X;;;;;;,,XXX2^.^.XXX.^.^.^.^.^.XX^.^.^2^.^.^XX.^b^.^.^XXX.^.^.XXX~~~,,,,,,,,,,,,,,,~~~~~~~~~~~~~~~~~~~~,,,,,,,,,,,,,,,,,,,,,,,X
D:X;;;;;,,XX2.^.^bXX^.^b^.^.^.^.^XX.^!^.!^.!^.XX^.^.^.^b^.XX.^b^.^XX~~~~,,,,,,,,,,,,,~~~~~~~~~~~~~~~~~,,,,,,,,,,,,,,;;;;;,,,,,,,X
D:X;;;;;,XX2.^.^.XX^.^.^.GGGG^.^.XX^.^.^.^.^.^XX.^.^GGGG.^.XX.^.^.^XX~~~~~~~~,,,,,,,~~~~~~~~~~~~~~~,,,,,,,,,,,,,,,;;;;;,,,,,,,,,X
D:X;;;;,,XX.^b^.XX^.^.^.^G$$G.^.^XX.^.^b^.^b^.XX^.^.G$$G^.^.XX.^b^.XX~~~~~~~~~~~~~~~~~~~~~~~~~~,,,,,,,,,,,,,,,,,,;;;;,,,,,,,,,,,X
D:X;;;,,XX2^.^.XX^.^.^.^.G$$G^b^.XX^.^.^.^.^.^XX.^b^G$$G.^b^.XX.^.^.XX~~~~~~~~~~~~~~~~~~~~~~,,,,,,,,,,,,,,,,,,,;;;;;,,,,,,,,,,,,X
D:X;;;,,XX^.^.^XX.^.^b^.^GGGG.^.^XX^b!^.!b^!^.XX^.^.GGGG^.^.^XX^.^b^XX.~~~~~~~~~~~~~~~~~~~~,,,,,,,,,,a,a,,,,,,;;;;;;,,,,,,,,,,,,X
D:X;;,,XX2.^b^XX.^.^.^.^.^.^.^.^.XX^.^.^.^.^.^DD.^.^.^.^.^.^.^XX^.^.^XX,,~~~~~~~~~~~~~~~~~~,,,,,a,a,a,&,a,,,,;;;;;;;;,,,,,,,,,,,X
D:X;;,,XX^.!.^XX^.^.^.^.^.^.^XXXXXXXXXXXXXXXXXXXXX^.^b^.^.^b^.XX.^!^.XX,,,~~~~~~~~~~~~~~~~~~~,,a,a,&,a,a,,,,,;;;;;;;;;,,,,,,,,,,X
D:X;,,,XX.^.^.XX.^b^.^.^b^.^XG.^.^.^.^.^.^.^.^.^.XX^.^.^.^.^.^XX^.^b^XX,,,,~~~~~~~~~~~~~~~~~~~a,a,&,&,a,,,,,,;;;;;;;;;;,,,,,,,,,X
D:X;,,,XX^b!.^XX^.^.^.^.^.^XG.^.lllllll2lllllll.^.XX^.^GGGGG^.GG.^!^.[[,,a,,~~~~~~~~~~~~~~~~~~,a,a,a,a,,,,,,;;;;;;;;;;;;,,,,,,,,X
D:X;;,,XX.^.^.XX.^.!.^!^.^XG.^.l!^.^.^l^l^.^.^!l.^.XX^.G$$$G.^GG^.^b^[[,,,,,,~~~~~~~~~~~~~~~~~~,a,a,a,,,,,,;;;;;;;;;;;;;;,,,,,,,X
D:X;;,,XX^.!b^XX^.^.^b^.!.XX^.ll^.^.^.^.^.^.^.^ll.^XX.^G$$$G^.XX.^!^.[[,,,a,,~~~~~~~~~~~~~~~~~~,,,,,,,,,,,;;;;;;;;;;;;;;,,,,,,,,X
D:X;;,,XX.^.^.XX.^.^2^!^.2GG.^l$$ll.GGG^GGG.ll$$l^.XX^.G$$$G.^XX^.^b^[[,,,,,,~~~~~~~~~~~~~~~~~~~,,,,,,,,,,;;;;;;;;;;;;;,,,,,,,,,X
D:X;;,,XX^.4.^XX^.^.^.^.^.DD^.ll^.^GG^$@$^GG^.^ll.^XX.^G$$$G^.XX.^.^.[[,,,a,,~~~~~~~~~~~~~~~~~~~,,,,,,,,,;;;;;;;;;;;;;,,,,,,,,,,X
D:X;;,,XX.^5^.XX.^b^2^.^b^DD.^ll.^.GG^$1$^GG.^.ll^.XX^.G$$$G.^XX^.^b^[[,,,,,~~~~~~~~~~~~~~~~~~~,,,,,,,,,;;;;;;;;;;;;;;,,,,,,,,,,X
D:X;;,,XX^.^.^XX^.^.^.!.^2GG^.l$$ll2GGG>GGG2ll$$l.^XX.^G$$$G^.XX.^.^.[[,,,a,~~~~~~~~~~~~~~~~~~,,,,,,,,,,,;;;;;;;;;;;;,,,,,,,,,,,X
D:X;;,,XX.^!^.XX.^.^2^.^!^XX.^ll.^.^.^GGG^.^.^.ll^.XX^.G$$$G.^XX^.!b^[[,,,,~~~~~~~~~~~~~~~~~~,,,,,,,,,,,,;;;;;;;;;;;,,,,,,,,,,,,X
D:X;,,,XX^b^.^XX^.^.^b^.^.XG^.^l!.^.^.lll.^.^.!l^.^XX.^G$$$G^.GG.^.^.[[,a,~~~~~~~~~~~~~~~~~~~~~,,,,,,,,,,;;;;;;;;;;;;,,,,,,,,,,,X
D:X;;,,XX.^!^.XX.^.!.^!^.^.XG^.^lllllll$lllllll^.^XX.^.GGGGG.^GG^.!b^[[,~~~~~~~~~~~~~~~~~~~~~~~~,,,,,,,,,;;;;;;;;;;;;;,,,,,,,,,,X
D:X;;,,XX^.^b^XX^.^.^.^.^.^.XG^.^.^.^.^.^.^.^.^.^XX.^b^.^.^b^.XX.^.^.XX~~~~~~~~~~~~~~~~~~~~~~~~~~,,,,,,,,,;;;;;;;;;;;;,,,,,,,,,,X
D:X;;,,XX.^!^.XX.^b^.^.^b^.^.XXXXXXXXXXXXXXXXXXXXX.^.^.^.^.^.^XX^.!b^XX~~~~~~~~~~~~~~~~~~~~~~~~~~~~~~,,,,,,,;;;;;;;;;;;,,,,,,,,;X
D:X;,,,XX2.^.^XX^.^.^.^.^.^.^.^.^XX.^.^.^.^.^.XX6.^.^.^.^.^.^.XX.^.^.XX~~~~~~~~~~~~~~~~~~~~~~~~~~~~~~~~,,,,,;;;;;;;;;;,,,,,,,,,;X
D:X;;,,,XX^b^.^XX^.^.^.^.GGGG^.^.XX^.!.^!^.!.^XX7^b^GGGG.^b^.XX.^b^.XX~~~~~~~~~~~~~~~~~~~~~~~~~~~~~~~~~~,,,,;;;;;;;;;;;,,,,,,,;;X
D:X;;;,,XX2^.^.XX.^.^b^.^G$$G.^.^XX.^A2.^.26^.XXA.^.G$$G^.^.^XX^.^.^XX~~~~~~~~~~~~~~~~~~~~~~~~~~~~~~~~~~~~,,,;;;;;;;;;;;,,,,,,;;X
D:X;;;,,,XX.^.^.XX.^.^.^.G$$G^.^FXX^2^.^C^.^2^XXB^.^G$$G.^.^XX^b^.^XX~~~~~~~~~~~~~~~~~~~~~~~~~~~~~~~~~~~~~~,,,;;;;;;;;;;;,,,,;;;X
D:X;;;;,,XX2.^b^.XX.^.^.^GGGG.^.^XX.^52.^.2B^.XXC.^.GGGG^b^XX^.^.^.XX~~~~~~~~~~~~~~~~~~~~~~~~~~~~~~~~~~~~~~~,,,,,;;;;;;;;;;;;;;;X
D:X;;;;,,,XX2.^.^.XX.^.^b^.^.^b^.XX^.!.^!^.!.^XXE^.^.^.^.^XX^b^.^.XX~~~~~~~~~~~~~~~,,,,,,,~~~~~~~~~~~~~~~~~~,,,,a,a;;;;;;;;;;;;;X
D:X;;;;,,,,XXX2^.^.XXX^.^.^.^.^.^XX.^.^.^.^.^.XXF.^b^.^.XXX^.^.^XXX~~~~~~~~~,,,,,a,a,,,,,,,~~~~~~~~~~~~~~~~~~,,a,&,a;;;;;;;;;;;;X
D:X;;;;;,,,,,XXX2^b^.XXXXXXXXXXXXXXXXXXXXXXXXXXXXXXXXXXXX.^b^.XXX~~~~~~~~~a,a,,,a,&,a,,,,,~~~~~~~~~~~~~~~~~~~~,,a,a,,,,,;;;;;;;;X
D:X;;;;;;,,,,,,XXX2^.^.^.^.^.^.^.^.^.^.^.^.^.^.^.^.^.^.^.^.2XXX~~~~~~~~,,a,&,a,,;a;a,,,,~~~~~~~~~~~~~~~~~~~~~~~~,,,,,,,,,;;;;;;;X
D:X;;;;;;;;,,,a,aXXX2.^b^.^b^.^XX.^.^b^.^b^.^XX.^b^.^b^.^2XXX~~~~~~~~,,,,,a,a,;;;;;;,,,~~~~~~~~~~~~~~~~~~~~~~~~~~~~~,,,,,,,,,,;;X
D:X;;;;;;;;;;a,&,a,XXXX2.^.^.^.XX^.^.^.^.^.^.XX^.^.^.^2XXXX~~~~~~~~~~~~,,,,,,;;;;;;,,,~~~~~~~~~~~~~~~~~~~~~~~~~~~~~~~~,,,,,,a,a,X
D:X;;;;;;;;;;;a,a,,,,,XXXXX2^.^b^.^b^.^b^.^b^.^.^.2XXXXX~~~~~~~~~~~~~~~~~,,,;;;;;,,,,~~~~~~~~~~~~~~~~~~~~~~~~~~~~~~~~~~~,,,a,&,aX
D:X;;;;;;;;;;;;;;,,,,,,,,,XXXXXXXXXXXXXXXXXXXXXXXXXX,,~~~~~~~~~~~~~~~~,,,,;;;;;;;;,,,~~~~~~~~~~~~~~~~~~~~~~~~~~~~~~~~~~~~~,,a,a,X
D:X;;;;;;;;;;;;;;;;;,,,,,,,,,,,,,,,,,a,a,,,,,,,,,,~~~~~~~~~~~~~~~,,,,;;;;;;;;;;;;;,,,~~~~~~~~~~~~~~~~~~~~~~~~~~~~~~~~~~~~~~~~,,,X
D:X;;;;;;;;;;;;;;;;;;;;;,,,,,,,,,,,,a,E,a,,,,,~~~~~~~~~~~~~~~~~,,;;;;;;;;;;;;;;;;;,,~~~~~~~~~~~~~~~~~~~~~~~~~~~~~~~~~~~~~~~~~~~,X
D:XXXXXXXXXXXXXXXXXXXXXXXXXXXXXXXXXXXXXXXXXXXXXXXXXXXXXXXXXXXXXXXXXXXXXXXXXXXXXXXXXXXXXXXXXXXXXXXXXXXXXXXXXXXXXXXXXXXXXXXXXXXXXXX

### Starting Location
P:31:125