# Special level "Lower Halls" in Erebor
# Created for Theme on 29/09/2004 by furiosity (furiosity@gmail.com)

### Level features ###

# Floor with dirt
F:,:88:3

# Mountain
F:M:97:3
F:X:97:3

# Shallow Water
F:V:84:3

# down staircase
F:>:7:3

### Guaranteed monsters (on dirt)###

# Creeping adamantite coins
F:a:88:5:423

# Creeping mithril coins
F:b:88:5:239

# Creeping gold coins
F:c:88:5:195

# Creeping silver coins
F:d:88:5:117

# Smaug on normal floor
F:e:88:5:697

### Guaranteed items ###
# Cup of Thror on dirt
F:1:88:0:0:0:0:211

# The Arkenstone of Thrain on dirt
F:2:88:0:0:0:0:3

### Dungeon Design
D:XXXXXXXXXXXXXXXXXXXXXXXXXXXXXXXXXXXXXXXXXXXXXXXXXXXXXXXX
D:X,,,,,,MMMMMMMMMMMMMMMMMMMMMMMMMMMMMMMMMMMMMMMMMMMMMMMMX
D:X,,,,,,,,,,,,,,,,,,,,,,,,,,,,,,,,,,,,,,,,,,,,,,,,,,,,,,X
D:X,M,M,M,M,M,M,MMM,M,M,M,M,M,M,M,M,M,M,M,M,M,MM,,,,,,,,,X
D:XMMMMMMMMMMMMMMMMMMMMMMMMMMMMMMMMMMMMMMMMMMMM,,,,,,,,,,X
D:XMMMMMMMMMMMMMMMMMMMMMMMMMMMMMMMMMMMMMMMMM,,,,,,,,MMMMMX
D:XMMMMMMMMMMMMMMMMMMMMMMMMMMMMMMMMMMMMMMdddddddddMMMMMMMX
D:XMMMMMMMMMMMMMMMMMMMMMMMMMMMMMMMMMMddddccccddddMMMMMMMMX
D:XMMMMMMMMMMMMMMMMMMMMMMMMMMMMMddddcccccccddddMMMMMMMMMMX
D:XMMMMMMMMMMMMMMMMMMMMMMMMMddddaabbbbbaaaccddddMMMMMMMMMX
D:XMMMMMMMMMMMMMMMMMMMMMMMddddaaabbbbbbbaaaccddddMMMMMMMMX
D:XMMMMMMMMMMMMMMMMMMMMMddddcaaabbbaaabbbaaaccddddMMMMMMMX
D:XMMMMMMMMMMMMMMMMMM1ddddccaaabbbaaaaabbbaaacddddMMMMMMMX
D:XMMMMMMMMMMMMMMVVVMMMddddccaaabbaaeaabbaaacddddMMMMMMMMX
D:XMMMMMMMMMMMMVVVMMMMddddccaaabbbaaaaabbbaaaccddddMMMMMMX
D:XMMMMMMMMMMMMMVVVMMddddccccaaabbbaaabbbaaaccddddMMMMMMMX
D:XMMMMMMMMMMMMMMVVVMMddddccccaaabbbbbbbaaaccccddddMMMMMMX
D:XMMMMMMMMMMMMVVVMMMMMMddddcccaaabbbbbaaaccccccddddMMMMMX
D:XMMMMMMMMMMVVVMMMMMMMMMddddcccccccccccccccccccccddddMMMX
D:XMMMMMMMMMVVVMMMMMMMMMMMddddccccddddMMdMdMMdMM2Mddd,,,,X
D:XMMMMMMMMMMVVVMMMMMMMMMMMMMddddddddMMMMMMMMMMMMMM,,,,,,X
D:XMMMMMMMMMVVVMMMMMMMMMMMMMMddddddMMMMMMMMMMMMMMMMMMM,,,X
D:XMMMMMMMVVVMMMMMMMMMMMMMMMMMMMMMMMMMMMMMMMMMMMMMMMMMM,,X
D:XMMMMMMMMMVVVMMMMMMMMMMMMMMMMMMMMMMMMMMMMMMMMMMMMMMM,,,X
D:XMMMMMMMMMMMVVVVMMMMMMMMMMMMMMMMMMMMMMMMMMMMMMMMMMMMM,,X
D:XMMMMMMMMMMMMMVVVMMMMMMMMMMMMMMMMMMMMMMMMMMMMMMMMMMM,,,X
D:XMMMMMMMMMMMMMMMVVVMMMMMMMMMMMMMMMMMMMMMMMMMMMMMMMMMM,,X
D:XMMMMMMMMMMMMMMMMVVVVMMMMMMMMMMMMMMMMMMMMMMMMMMMMMMMM,,X
D:XMMMMMMMMMMMMMMMMMMVVVVMMMMMMMMMMMMMMMMMMMMMMMMMMMMM,,,X
D:XMMMMMMMMMMMMMMMMMMMMVVVVMMMMMMMMMMMMMMMMMMMMMMMMMMMM,,X
D:XMMMMMMMMMMMMMMMMMMMMMMMVVVMMMMMMMMMMMMMMMMMMMMMMMMMM,>X
D:XXXXXXXXXXXXXXXXXXXXXXXXXXXXXXXXXXXXXXXXXXXXXXXXXXXXXXXX

### Starting Location
P:3:3